error: expected `trait ...` or `struct ...` or `enum ...`
 --> tests/ui/fail_register_for_invalid_item.rs:2:1
  |
2 | / fn hoge() -> bool {
3 | |     true
4 | | }
  | |_^
